// Jest Snapshot v1, https://goo.gl/fbAQLP

exports[`objectType builds creates an object type 1`] = `
Object {
  "data": Object {
    "user": Object {
      "floatField": 123.4,
      "id": "User:1",
      "name": "Test User",
    },
  },
}
`;

exports[`objectType throws when chaining .list twice 1`] = `"Cannot chain list.list, in the definition block. Use \`list: []\` config value"`;

exports[`objectType throws when modifyType is used 1`] = `
"
      The Nexus objectType.modify API has been removed. If you were using this API, please open an issue on 
      GitHub to discuss your use case so we can discuss a suitable replacement.
    "
`;

exports[`objectType warns when specifying .list and list: true 1`] = `
Array [
  "It looks like you chained .list and used list() for someField. You should only do one or the other",
]
`;
